============================= test session starts ==============================
platform darwin -- Python 3.12.10, pytest-9.0.0, pluggy-1.6.0 -- /Users/danielscholl/source/github/danielscholl/agent-base/.venv/bin/python3
cachedir: .pytest_cache
rootdir: /Users/danielscholl/source/github/danielscholl/agent-base
configfile: pyproject.toml
testpaths: tests
plugins: mock-3.15.1, anyio-4.11.0, xdist-3.8.0, timeout-2.4.0, asyncio-1.3.0, cov-7.0.0
asyncio: mode=Mode.AUTO, debug=False, asyncio_default_fixture_loop_scope=None, asyncio_default_test_loop_scope=function
collecting ... collected 948 items / 1 error

==================================== ERRORS ====================================
____________ ERROR collecting tests/unit/cli/test_error_handler.py _____________
ImportError while importing test module '/Users/danielscholl/source/github/danielscholl/agent-base/tests/unit/cli/test_error_handler.py'.
Hint: make sure your test modules/packages have valid Python names.
Traceback:
.venv/lib/python3.12/site-packages/_pytest/python.py:507: in importtestmodule
    mod = import_path(
.venv/lib/python3.12/site-packages/_pytest/pathlib.py:587: in import_path
    importlib.import_module(module_name)
../../../../.local/share/uv/python/cpython-3.12.10-macos-aarch64-none/lib/python3.12/importlib/__init__.py:90: in import_module
    return _bootstrap._gcd_import(name[level:], package, level)
           ^^^^^^^^^^^^^^^^^^^^^^^^^^^^^^^^^^^^^^^^^^^^^^^^^^^^
<frozen importlib._bootstrap>:1387: in _gcd_import
    ???
<frozen importlib._bootstrap>:1360: in _find_and_load
    ???
<frozen importlib._bootstrap>:1331: in _find_and_load_unlocked
    ???
<frozen importlib._bootstrap>:935: in _load_unlocked
    ???
.venv/lib/python3.12/site-packages/_pytest/assertion/rewrite.py:197: in exec_module
    exec(co, module.__dict__)
tests/unit/cli/test_error_handler.py:12: in <module>
    from agent.cli.error_handler import (
src/agent/cli/error_handler.py:10: in <module>
    from agent.config import AgentConfig
E   ImportError: cannot import name 'AgentConfig' from 'agent.config' (/Users/danielscholl/source/github/danielscholl/agent-base/src/agent/config/__init__.py)
=========================== short test summary info ============================
ERROR tests/unit/cli/test_error_handler.py
!!!!!!!!!!!!!!!!!!!! Interrupted: 1 error during collection !!!!!!!!!!!!!!!!!!!!
=============================== 1 error in 0.76s ===============================
